[plan] 2026-07-08T18:16:22+00:00 run immobilier / Île-de-France (11) target=1000 resume=False depts_done=[]
{
  "ok": true,
  "skipped": "un autoscrape est déjà en cours",
  "active": {
    "site": "lcr",
    "region": "11",
    "region_name": "Île-de-France",
    "dept": null,
    "sectors": [
      "immobilier"
    ],
    "scope": "Région Île-de-France",
    "depts_total": 8,
    "depts_done": 1,
    "current_dept": "77 Seine-et-Marne",
    "cities_total": 285,
    "cities_done": 33,
    "current_city": "Dammarie-les-Lys",
    "examined": 115,
    "valid": 32,
    "rejected": 376,
    "duplicates": 10,
    "errors": 0,
    "kept_total": 32,
    "skipped_seen": 2583,
    "valid_serper": 2,
    "valid_basile": 30,
    "target_contacts": 1000,
    "serper_available": 31460,
    "basile_active": true,
    "status": "running",
    "blocked": false,
    "stopped": false,
    "started_at": 1783534582.9582844,
    "message": null,
    "current_detail": "immobilier · Serper 0 examinés",
    "updated_at": 1783535399.748265
  }
}
{
  "ok": true,
  "skipped": "un autoscrape est déjà en cours",
  "active": {
    "site": "lcr",
    "region": "11",
    "region_name": "Île-de-France",
    "dept": null,
    "sectors": [
      "immobilier"
    ],
    "scope": "Région Île-de-France",
    "depts_total": 8,
    "depts_done": 2,
    "current_dept": "78 Yvelines",
    "cities_total": 285,
    "cities_done": 81,
    "current_city": "Plaisir",
    "examined": 379,
    "valid": 97,
    "rejected": 1536,
    "duplicates": 46,
    "errors": 0,
    "kept_total": 97,
    "skipped_seen": 5922,
    "valid_serper": 14,
    "valid_basile": 83,
    "target_contacts": 1000,
    "serper_available": 31460,
    "basile_active": true,
    "status": "running",
    "blocked": false,
    "stopped": false,
    "started_at": 1783534582.9582844,
    "message": null,
    "current_detail": "immobilier · Serper 5 examinés",
    "updated_at": 1783537200.7222118
  }
}
  [basile] lead error (skip): IO Error: Could not set lock on file "/home/autoblog/genesis/data/contacts.duckdb": Conflicting lock is held in /usr/bin/python3.12 (PID 3027969) by user root. See also https://duckdb.org/docs/stable/connect/concurrency
  [basile] lead error (skip): IO Error: Could not set lock on file "/home/autoblog/genesis/data/contacts.duckdb": Conflicting lock is held in /usr/bin/python3.12 (PID 3027969) by user root. See also https://duckdb.org/docs/stable/connect/concurrency
  [basile] lead error (skip): IO Error: Could not set lock on file "/home/autoblog/genesis/data/contacts.duckdb": Conflicting lock is held in /usr/bin/python3.12 (PID 3027969) by user root. See also https://duckdb.org/docs/stable/connect/concurrency
  [basile] lead error (skip): IO Error: Could not set lock on file "/home/autoblog/genesis/data/contacts.duckdb": Conflicting lock is held in /usr/bin/python3.12 (PID 3027969) by user root. See also https://duckdb.org/docs/stable/connect/concurrency
  [basile] lead error (skip): IO Error: Could not set lock on file "/home/autoblog/genesis/data/contacts.duckdb": Conflicting lock is held in /usr/bin/python3.12 (PID 3027969) by user root. See also https://duckdb.org/docs/stable/connect/concurrency
  [basile] lead error (skip): IO Error: Could not set lock on file "/home/autoblog/genesis/data/god_mode.duckdb": Conflicting lock is held in /usr/bin/python3.12 (PID 3027969) by user root. See also https://duckdb.org/docs/stable/connect/concurrency
  [basile] lead error (skip): IO Error: Could not set lock on file "/home/autoblog/genesis/data/contacts.duckdb": Conflicting lock is held in /usr/bin/python3.12 (PID 3027969) by user root. See also https://duckdb.org/docs/stable/connect/concurrency
  [basile] lead error (skip): IO Error: Could not set lock on file "/home/autoblog/genesis/data/contacts.duckdb": Conflicting lock is held in /usr/bin/python3.12 (PID 3027969) by user root. See also https://duckdb.org/docs/stable/connect/concurrency
  [basile] lead error (skip): IO Error: Could not set lock on file "/home/autoblog/genesis/data/contacts.duckdb": Conflicting lock is held in /usr/bin/python3.12 (PID 3027969) by user root. See also https://duckdb.org/docs/stable/connect/concurrency
  [basile] lead error (skip): IO Error: Could not set lock on file "/home/autoblog/genesis/data/contacts.duckdb": Conflicting lock is held in /usr/bin/python3.12 (PID 3027969) by user root. See also https://duckdb.org/docs/stable/connect/concurrency
  [basile] lead error (skip): IO Error: Could not set lock on file "/home/autoblog/genesis/data/contacts.duckdb": Conflicting lock is held in /usr/bin/python3.12 (PID 3027969) by user root. See also https://duckdb.org/docs/stable/connect/concurrency
  [basile] lead error (skip): IO Error: Could not set lock on file "/home/autoblog/genesis/data/contacts.duckdb": Conflicting lock is held in /usr/bin/python3.12 (PID 3027969) by user root. See also https://duckdb.org/docs/stable/connect/concurrency
  [basile] lead error (skip): IO Error: Could not set lock on file "/home/autoblog/genesis/data/god_mode.duckdb": Conflicting lock is held in /usr/bin/python3.12 (deleted) (PID 2741494) by user root. See also https://duckdb.org/docs/stable/connect/concurrency
{
  "ok": true,
  "skipped": "un autoscrape est déjà en cours",
  "active": {
    "site": "lcr",
    "region": "11",
    "region_name": "Île-de-France",
    "dept": null,
    "sectors": [
      "immobilier"
    ],
    "scope": "Région Île-de-France",
    "depts_total": 8,
    "depts_done": 4,
    "current_dept": "92 Hauts-de-Seine",
    "cities_total": 285,
    "cities_done": 141,
    "current_city": "Montrouge",
    "examined": 620,
    "valid": 126,
    "rejected": 2906,
    "duplicates": 81,
    "errors": 13,
    "kept_total": 126,
    "skipped_seen": 9865,
    "valid_serper": 18,
    "valid_basile": 108,
    "target_contacts": 1000,
    "serper_available": 31460,
    "basile_active": true,
    "status": "running",
    "blocked": false,
    "stopped": false,
    "started_at": 1783534582.9582844,
    "message": null,
    "current_detail": "immobilier · Serper 0 examinés",
    "updated_at": 1783539000.3992867
  }
}
  [basile] lead error (skip): IO Error: Could not set lock on file "/home/autoblog/genesis/data/god_mode.duckdb": Conflicting lock is held in /usr/bin/python3.12 (deleted) (PID 2741494) by user root. See also https://duckdb.org/docs/stable/connect/concurrency
{
  "ok": true,
  "skipped": "un autoscrape est déjà en cours",
  "active": {
    "site": "lcr",
    "region": "11",
    "region_name": "Île-de-France",
    "dept": null,
    "sectors": [
      "immobilier"
    ],
    "scope": "Région Île-de-France",
    "depts_total": 8,
    "depts_done": 5,
    "current_dept": "93 Seine-Saint-Denis",
    "cities_total": 285,
    "cities_done": 185,
    "current_city": "Stains",
    "examined": 857,
    "valid": 202,
    "rejected": 4184,
    "duplicates": 131,
    "errors": 14,
    "kept_total": 202,
    "skipped_seen": 12927,
    "valid_serper": 21,
    "valid_basile": 181,
    "target_contacts": 1000,
    "serper_available": 31460,
    "basile_active": true,
    "status": "running",
    "blocked": false,
    "stopped": false,
    "started_at": 1783534582.9582844,
    "message": null,
    "current_detail": "immobilier · Serper 4 examinés",
    "updated_at": 1783540801.629476
  }
}
  [basile] lead error (skip): IO Error: Could not set lock on file "/home/autoblog/genesis/data/contacts.duckdb": Conflicting lock is held in /usr/bin/python3.12 (PID 3117992) by user root. See also https://duckdb.org/docs/stable/connect/concurrency
  [basile] lead error (skip): IO Error: Could not set lock on file "/home/autoblog/genesis/data/contacts.duckdb": Conflicting lock is held in /usr/bin/python3.12 (PID 3117992) by user root. See also https://duckdb.org/docs/stable/connect/concurrency
  [basile] lead error (skip): IO Error: Could not set lock on file "/home/autoblog/genesis/data/contacts.duckdb": Conflicting lock is held in /usr/bin/python3.12 (PID 3117992) by user root. See also https://duckdb.org/docs/stable/connect/concurrency
  [basile] lead error (skip): IO Error: Could not set lock on file "/home/autoblog/genesis/data/contacts.duckdb": Conflicting lock is held in /usr/bin/python3.12 (PID 3117992) by user root. See also https://duckdb.org/docs/stable/connect/concurrency
  [basile] lead error (skip): IO Error: Could not set lock on file "/home/autoblog/genesis/data/contacts.duckdb": Conflicting lock is held in /usr/bin/python3.12 (PID 3117992) by user root. See also https://duckdb.org/docs/stable/connect/concurrency
  [basile] lead error (skip): IO Error: Could not set lock on file "/home/autoblog/genesis/data/contacts.duckdb": Conflicting lock is held in /usr/bin/python3.12 (PID 3117992) by user root. See also https://duckdb.org/docs/stable/connect/concurrency
  [basile] lead error (skip): IO Error: Could not set lock on file "/home/autoblog/genesis/data/contacts.duckdb": Conflicting lock is held in /usr/bin/python3.12 (PID 3117992) by user root. See also https://duckdb.org/docs/stable/connect/concurrency
  [basile] lead error (skip): IO Error: Could not set lock on file "/home/autoblog/genesis/data/contacts.duckdb": Conflicting lock is held in /usr/bin/python3.12 (PID 3117992) by user root. See also https://duckdb.org/docs/stable/connect/concurrency
  [basile] lead error (skip): IO Error: Could not set lock on file "/home/autoblog/genesis/data/contacts.duckdb": Conflicting lock is held in /usr/bin/python3.12 (PID 3117992) by user root. See also https://duckdb.org/docs/stable/connect/concurrency
  [basile] lead error (skip): IO Error: Could not set lock on file "/home/autoblog/genesis/data/contacts.duckdb": Conflicting lock is held in /usr/bin/python3.12 (PID 3117992) by user root. See also https://duckdb.org/docs/stable/connect/concurrency
  [basile] lead error (skip): IO Error: Could not set lock on file "/home/autoblog/genesis/data/contacts.duckdb": Conflicting lock is held in /usr/bin/python3.12 (PID 3117992) by user root. See also https://duckdb.org/docs/stable/connect/concurrency
  [basile] lead error (skip): IO Error: Could not set lock on file "/home/autoblog/genesis/data/contacts.duckdb": Conflicting lock is held in /usr/bin/python3.12 (PID 3117992) by user root. See also https://duckdb.org/docs/stable/connect/concurrency
  [basile] lead error (skip): IO Error: Could not set lock on file "/home/autoblog/genesis/data/contacts.duckdb": Conflicting lock is held in /usr/bin/python3.12 (PID 3117992) by user root. See also https://duckdb.org/docs/stable/connect/concurrency
  [basile] lead error (skip): IO Error: Could not set lock on file "/home/autoblog/genesis/data/contacts.duckdb": Conflicting lock is held in /usr/bin/python3.12 (PID 3117992) by user root. See also https://duckdb.org/docs/stable/connect/concurrency
  [basile] lead error (skip): IO Error: Could not set lock on file "/home/autoblog/genesis/data/contacts.duckdb": Conflicting lock is held in /usr/bin/python3.12 (PID 3117992) by user root. See also https://duckdb.org/docs/stable/connect/concurrency
  [basile] lead error (skip): IO Error: Could not set lock on file "/home/autoblog/genesis/data/contacts.duckdb": Conflicting lock is held in /usr/bin/python3.12 (PID 3117992) by user root. See also https://duckdb.org/docs/stable/connect/concurrency
  [basile] lead error (skip): IO Error: Could not set lock on file "/home/autoblog/genesis/data/contacts.duckdb": Conflicting lock is held in /usr/bin/python3.12 (PID 3117992) by user root. See also https://duckdb.org/docs/stable/connect/concurrency
  [basile] lead error (skip): IO Error: Could not set lock on file "/home/autoblog/genesis/data/contacts.duckdb": Conflicting lock is held in /usr/bin/python3.12 (PID 3117992) by user root. See also https://duckdb.org/docs/stable/connect/concurrency
  [basile] lead error (skip): IO Error: Could not set lock on file "/home/autoblog/genesis/data/contacts.duckdb": Conflicting lock is held in /usr/bin/python3.12 (PID 3117992) by user root. See also https://duckdb.org/docs/stable/connect/concurrency
  [basile] lead error (skip): IO Error: Could not set lock on file "/home/autoblog/genesis/data/contacts.duckdb": Conflicting lock is held in /usr/bin/python3.12 (PID 3117992) by user root. See also https://duckdb.org/docs/stable/connect/concurrency
  [basile] lead error (skip): IO Error: Could not set lock on file "/home/autoblog/genesis/data/contacts.duckdb": Conflicting lock is held in /usr/bin/python3.12 (PID 3117992) by user root. See also https://duckdb.org/docs/stable/connect/concurrency
  [basile] lead error (skip): IO Error: Could not set lock on file "/home/autoblog/genesis/data/god_mode.duckdb": Conflicting lock is held in /usr/bin/python3.12 (deleted) (PID 2741494) by user root. See also https://duckdb.org/docs/stable/connect/concurrency
  [basile] lead error (skip): IO Error: Could not set lock on file "/home/autoblog/genesis/data/contacts.duckdb": Conflicting lock is held in /usr/bin/python3.12 (PID 3117992) by user root. See also https://duckdb.org/docs/stable/connect/concurrency
  [basile] lead error (skip): IO Error: Could not set lock on file "/home/autoblog/genesis/data/contacts.duckdb": Conflicting lock is held in /usr/bin/python3.12 (PID 3117992) by user root. See also https://duckdb.org/docs/stable/connect/concurrency
  [basile] lead error (skip): IO Error: Could not set lock on file "/home/autoblog/genesis/data/contacts.duckdb": Conflicting lock is held in /usr/bin/python3.12 (PID 3117992) by user root. See also https://duckdb.org/docs/stable/connect/concurrency
  [basile] lead error (skip): IO Error: Could not set lock on file "/home/autoblog/genesis/data/contacts.duckdb": Conflicting lock is held in /usr/bin/python3.12 (PID 3117992) by user root. See also https://duckdb.org/docs/stable/connect/concurrency
  [basile] lead error (skip): IO Error: Could not set lock on file "/home/autoblog/genesis/data/contacts.duckdb": Conflicting lock is held in /usr/bin/python3.12 (PID 3117992) by user root. See also https://duckdb.org/docs/stable/connect/concurrency
  [basile] lead error (skip): IO Error: Could not set lock on file "/home/autoblog/genesis/data/contacts.duckdb": Conflicting lock is held in /usr/bin/python3.12 (PID 3117992) by user root. See also https://duckdb.org/docs/stable/connect/concurrency
  [basile] lead error (skip): IO Error: Could not set lock on file "/home/autoblog/genesis/data/contacts.duckdb": Conflicting lock is held in /usr/bin/python3.12 (PID 3117992) by user root. See also https://duckdb.org/docs/stable/connect/concurrency
  [basile] lead error (skip): IO Error: Could not set lock on file "/home/autoblog/genesis/data/contacts.duckdb": Conflicting lock is held in /usr/bin/python3.12 (PID 3117992) by user root. See also https://duckdb.org/docs/stable/connect/concurrency
  [basile] lead error (skip): IO Error: Could not set lock on file "/home/autoblog/genesis/data/contacts.duckdb": Conflicting lock is held in /usr/bin/python3.12 (PID 3117992) by user root. See also https://duckdb.org/docs/stable/connect/concurrency
{
  "ok": true,
  "skipped": "un autoscrape est déjà en cours",
  "active": {
    "site": "lcr",
    "region": "11",
    "region_name": "Île-de-France",
    "dept": null,
    "sectors": [
      "immobilier"
    ],
    "scope": "Région Île-de-France",
    "depts_total": 8,
    "depts_done": 6,
    "current_dept": "94 Val-de-Marne",
    "cities_total": 285,
    "cities_done": 230,
    "current_city": "Sucy-en-Brie",
    "examined": 1152,
    "valid": 232,
    "rejected": 5393,
    "duplicates": 155,
    "errors": 45,
    "kept_total": 232,
    "skipped_seen": 15982,
    "valid_serper": 26,
    "valid_basile": 206,
    "target_contacts": 1000,
    "serper_available": 31460,
    "basile_active": true,
    "status": "running",
    "blocked": false,
    "stopped": false,
    "started_at": 1783534582.9582844,
    "message": null,
    "current_detail": "immobilier · Basile Bry-sur-Marne",
    "updated_at": 1783542600.6984894
  }
}
{
  "ok": true,
  "skipped": "un autoscrape est déjà en cours",
  "active": {
    "site": "lcr",
    "region": "11",
    "region_name": "Île-de-France",
    "dept": null,
    "sectors": [
      "immobilier"
    ],
    "scope": "Région Île-de-France",
    "depts_total": 8,
    "depts_done": 7,
    "current_dept": "95 Val-d'Oise",
    "cities_total": 285,
    "cities_done": 264,
    "current_city": "Beaumont-sur-Oise",
    "examined": 1356,
    "valid": 290,
    "rejected": 6273,
    "duplicates": 184,
    "errors": 45,
    "kept_total": 290,
    "skipped_seen": 18325,
    "valid_serper": 41,
    "valid_basile": 249,
    "target_contacts": 1000,
    "serper_available": 31460,
    "basile_active": true,
    "status": "running",
    "blocked": false,
    "stopped": false,
    "started_at": 1783534582.9582844,
    "message": null,
    "current_detail": "immobilier · Serper 2 examinés",
    "updated_at": 1783544401.2187338
  }
}
  [basile] lead error (skip): IO Error: Could not set lock on file "/home/autoblog/genesis/data/contacts.duckdb": Conflicting lock is held in /usr/bin/python3.12 (PID 3208857) by user root. See also https://duckdb.org/docs/stable/connect/concurrency
  [basile] lead error (skip): IO Error: Could not set lock on file "/home/autoblog/genesis/data/contacts.duckdb": Conflicting lock is held in /usr/bin/python3.12 (PID 3208857) by user root. See also https://duckdb.org/docs/stable/connect/concurrency
  [basile] lead error (skip): IO Error: Could not set lock on file "/home/autoblog/genesis/data/contacts.duckdb": Conflicting lock is held in /usr/bin/python3.12 (PID 3208857) by user root. See also https://duckdb.org/docs/stable/connect/concurrency
  [basile] lead error (skip): IO Error: Could not set lock on file "/home/autoblog/genesis/data/contacts.duckdb": Conflicting lock is held in /usr/bin/python3.12 (PID 3208857) by user root. See also https://duckdb.org/docs/stable/connect/concurrency
  [basile] lead error (skip): IO Error: Could not set lock on file "/home/autoblog/genesis/data/contacts.duckdb": Conflicting lock is held in /usr/bin/python3.12 (PID 3208857) by user root. See also https://duckdb.org/docs/stable/connect/concurrency
  [basile] lead error (skip): IO Error: Could not set lock on file "/home/autoblog/genesis/data/contacts.duckdb": Conflicting lock is held in /usr/bin/python3.12 (PID 3208857) by user root. See also https://duckdb.org/docs/stable/connect/concurrency
  [basile] lead error (skip): IO Error: Could not set lock on file "/home/autoblog/genesis/data/contacts.duckdb": Conflicting lock is held in /usr/bin/python3.12 (PID 3208857) by user root. See also https://duckdb.org/docs/stable/connect/concurrency
  [basile] lead error (skip): IO Error: Could not set lock on file "/home/autoblog/genesis/data/contacts.duckdb": Conflicting lock is held in /usr/bin/python3.12 (PID 3208857) by user root. See also https://duckdb.org/docs/stable/connect/concurrency
  [basile] lead error (skip): IO Error: Could not set lock on file "/home/autoblog/genesis/data/contacts.duckdb": Conflicting lock is held in /usr/bin/python3.12 (PID 3208857) by user root. See also https://duckdb.org/docs/stable/connect/concurrency
  [basile] lead error (skip): IO Error: Could not set lock on file "/home/autoblog/genesis/data/contacts.duckdb": Conflicting lock is held in /usr/bin/python3.12 (PID 3208857) by user root. See also https://duckdb.org/docs/stable/connect/concurrency
  [basile] lead error (skip): IO Error: Could not set lock on file "/home/autoblog/genesis/data/contacts.duckdb": Conflicting lock is held in /usr/bin/python3.12 (PID 3208857) by user root. See also https://duckdb.org/docs/stable/connect/concurrency
  [basile] lead error (skip): IO Error: Could not set lock on file "/home/autoblog/genesis/data/contacts.duckdb": Conflicting lock is held in /usr/bin/python3.12 (PID 3208857) by user root. See also https://duckdb.org/docs/stable/connect/concurrency
  [scrape][pool dual-write] IO Error: Could not set lock on file "/home/autoblog/genesis/data/contacts.duckdb": Conflicting lock is held in /usr/bin/python3.12 (PID 3027969) by user root. See also https://duckdb.org/docs/stable/connect/concurrency
  [scrape][pool dual-write] IO Error: Could not set lock on file "/home/autoblog/genesis/data/contacts.duckdb": Conflicting lock is held in /usr/bin/python3.12 (PID 3027969) by user root. See also https://duckdb.org/docs/stable/connect/concurrency
  [scrape][pool dual-write] IO Error: Could not set lock on file "/home/autoblog/genesis/data/contacts.duckdb": Conflicting lock is held in /usr/bin/python3.12 (PID 3117992) by user root. See also https://duckdb.org/docs/stable/connect/concurrency
  [scrape][pool dual-write] IO Error: Could not set lock on file "/home/autoblog/genesis/data/contacts.duckdb": Conflicting lock is held in /usr/bin/python3.12 (PID 3117992) by user root. See also https://duckdb.org/docs/stable/connect/concurrency
  [scrape][pool dual-write] IO Error: Could not set lock on file "/home/autoblog/genesis/data/contacts.duckdb": Conflicting lock is held in /usr/bin/python3.12 (PID 3117992) by user root. See also https://duckdb.org/docs/stable/connect/concurrency
  [scrape][pool dual-write] IO Error: Could not set lock on file "/home/autoblog/genesis/data/contacts.duckdb": Conflicting lock is held in /usr/bin/python3.12 (PID 3117992) by user root. See also https://duckdb.org/docs/stable/connect/concurrency
  [scrape][pool dual-write] IO Error: Could not set lock on file "/home/autoblog/genesis/data/contacts.duckdb": Conflicting lock is held in /usr/bin/python3.12 (PID 3117992) by user root. See also https://duckdb.org/docs/stable/connect/concurrency
[serper_places] error: ('Connection aborted.', ConnectionResetError(104, 'Connection reset by peer'))
[serper_places] error: ('Connection aborted.', RemoteDisconnected('Remote end closed connection without response'))
[serper_places] error: ('Connection aborted.', RemoteDisconnected('Remote end closed connection without response'))
  [scrape][pool dual-write] IO Error: Could not set lock on file "/home/autoblog/genesis/data/contacts.duckdb": Conflicting lock is held in /usr/bin/python3.12 (PID 3208857) by user root. See also https://duckdb.org/docs/stable/connect/concurrency
  [scrape][pool dual-write] IO Error: Could not set lock on file "/home/autoblog/genesis/data/contacts.duckdb": Conflicting lock is held in /usr/bin/python3.12 (PID 3208857) by user root. See also https://duckdb.org/docs/stable/connect/concurrency
{
  "ok": true,
  "status": "done"
}
{
  "ok": true,
  "launched": {
    "sector": "immobilier",
    "region": "Centre-Val de Loire (24)",
    "resume": false
  }
}
[plan] 2026-07-08T21:30:01+00:00 run immobilier / Centre-Val de Loire (24) target=1000 resume=False depts_done=[]
{
  "ok": true,
  "status": "done"
}
{
  "ok": true,
  "launched": {
    "sector": "immobilier",
    "region": "Bourgogne-Franche-Comté (27)",
    "resume": false
  }
}
[plan] 2026-07-09T07:00:01+00:00 run immobilier / Bourgogne-Franche-Comté (27) target=1000 resume=False depts_done=[]
{
  "ok": true,
  "status": "done"
}
{
  "ok": true,
  "launched": {
    "sector": "immobilier",
    "region": "Normandie (28)",
    "resume": false
  }
}
[plan] 2026-07-09T07:30:01+00:00 run immobilier / Normandie (28) target=1000 resume=False depts_done=[]
  [basile] lead error (skip): IO Error: Could not set lock on file "/home/autoblog/genesis/data/god_mode.duckdb": Conflicting lock is held in /usr/bin/python3.12 (PID 3248639) by user root. See also https://duckdb.org/docs/stable/connect/concurrency
{
  "ok": true,
  "skipped": "un autoscrape est déjà en cours",
  "active": {
    "site": "lcr",
    "region": "28",
    "region_name": "Normandie",
    "dept": null,
    "sectors": [
      "immobilier"
    ],
    "scope": "Région Normandie",
    "depts_total": 5,
    "depts_done": 5,
    "current_dept": "76 Seine-Maritime",
    "cities_total": 43,
    "cities_done": 43,
    "current_city": "Saint-Étienne-du-Rouvray",
    "examined": 252,
    "valid": 68,
    "rejected": 706,
    "duplicates": 24,
    "errors": 1,
    "kept_total": 68,
    "skipped_seen": 2998,
    "valid_serper": 17,
    "valid_basile": 51,
    "target_contacts": 1000,
    "serper_available": 27463,
    "basile_active": true,
    "status": "cleaning",
    "blocked": false,
    "stopped": false,
    "started_at": 1783582201.769746,
    "message": "Scrape fini (68 contacts) — nettoyage Mailnjoy en cours…",
    "current_detail": "immobilier · Basile Saint-Étienne-du-Rouvray",
    "scrape_finished_at": 1783583917.3704367,
    "cleanup": {
      "status": "running",
      "valid": 0,
      "removed": 0,
      "total": 0
    },
    "updated_at": 1783583917.3709276
  }
}
{
  "ok": true,
  "status": "done"
}
{
  "ok": true,
  "launched": {
    "sector": "immobilier",
    "region": "Hauts-de-France (32)",
    "resume": false
  }
}
[plan] 2026-07-09T08:30:01+00:00 run immobilier / Hauts-de-France (32) target=1000 resume=False depts_done=[]
{
  "ok": true,
  "launched": {
    "sector": "immobilier",
    "region": "Hauts-de-France (32)",
    "resume": true
  }
}
[plan] 2026-07-09T09:00:01+00:00 run immobilier / Hauts-de-France (32) target=990 resume=True depts_done=['02']
  [basile] lead error (skip): IO Error: Could not set lock on file "/home/autoblog/genesis/data/contacts.duckdb": Conflicting lock is held in /usr/bin/python3.12 (PID 50727) by user root. See also https://duckdb.org/docs/stable/connect/concurrency
  [basile] lead error (skip): IO Error: Could not set lock on file "/home/autoblog/genesis/data/contacts.duckdb": Conflicting lock is held in /usr/bin/python3.12 (PID 50727) by user root. See also https://duckdb.org/docs/stable/connect/concurrency
  [basile] lead error (skip): IO Error: Could not set lock on file "/home/autoblog/genesis/data/contacts.duckdb": Conflicting lock is held in /usr/bin/python3.12 (PID 50727) by user root. See also https://duckdb.org/docs/stable/connect/concurrency
  [basile] lead error (skip): IO Error: Could not set lock on file "/home/autoblog/genesis/data/contacts.duckdb": Conflicting lock is held in /usr/bin/python3.12 (PID 50727) by user root. See also https://duckdb.org/docs/stable/connect/concurrency
  [basile] lead error (skip): IO Error: Could not set lock on file "/home/autoblog/genesis/data/contacts.duckdb": Conflicting lock is held in /usr/bin/python3.12 (PID 50727) by user root. See also https://duckdb.org/docs/stable/connect/concurrency
  [basile] lead error (skip): IO Error: Could not set lock on file "/home/autoblog/genesis/data/contacts.duckdb": Conflicting lock is held in /usr/bin/python3.12 (PID 50727) by user root. See also https://duckdb.org/docs/stable/connect/concurrency
  [basile] lead error (skip): IO Error: Could not set lock on file "/home/autoblog/genesis/data/god_mode.duckdb": Conflicting lock is held in /usr/bin/python3.12 (PID 50727) by user root. See also https://duckdb.org/docs/stable/connect/concurrency
  [basile] lead error (skip): IO Error: Could not set lock on file "/home/autoblog/genesis/data/contacts.duckdb": Conflicting lock is held in /usr/bin/python3.12 (PID 50727) by user root. See also https://duckdb.org/docs/stable/connect/concurrency
  [basile] lead error (skip): IO Error: Could not set lock on file "/home/autoblog/genesis/data/contacts.duckdb": Conflicting lock is held in /usr/bin/python3.12 (PID 50727) by user root. See also https://duckdb.org/docs/stable/connect/concurrency
  [basile] lead error (skip): IO Error: Could not set lock on file "/home/autoblog/genesis/data/contacts.duckdb": Conflicting lock is held in /usr/bin/python3.12 (PID 50727) by user root. See also https://duckdb.org/docs/stable/connect/concurrency
  [basile] lead error (skip): IO Error: Could not set lock on file "/home/autoblog/genesis/data/contacts.duckdb": Conflicting lock is held in /usr/bin/python3.12 (PID 50727) by user root. See also https://duckdb.org/docs/stable/connect/concurrency
  [basile] lead error (skip): IO Error: Could not set lock on file "/home/autoblog/genesis/data/contacts.duckdb": Conflicting lock is held in /usr/bin/python3.12 (PID 50727) by user root. See also https://duckdb.org/docs/stable/connect/concurrency
{
  "ok": true,
  "skipped": "un autoscrape est déjà en cours",
  "active": {
    "site": "lcr",
    "region": "32",
    "region_name": "Hauts-de-France",
    "dept": null,
    "sectors": [
      "immobilier"
    ],
    "scope": "Région Hauts-de-France",
    "depts_total": 5,
    "depts_done": 1,
    "current_dept": "59 Nord",
    "cities_total": 93,
    "cities_done": 14,
    "current_city": "Tourcoing",
    "examined": 205,
    "valid": 61,
    "rejected": 412,
    "duplicates": 24,
    "errors": 12,
    "kept_total": 61,
    "skipped_seen": 1193,
    "valid_serper": 36,
    "valid_basile": 25,
    "target_contacts": 990,
    "serper_available": 27324,
    "basile_active": true,
    "status": "running",
    "blocked": false,
    "stopped": false,
    "started_at": 1783587601.7235782,
    "message": null,
    "current_detail": "immobilier · Serper 0 examinés",
    "updated_at": 1783589369.7103043
  }
}
{
  "ok": true,
  "launched": {
    "sector": "immobilier",
    "region": "Hauts-de-France (32)",
    "resume": true
  }
}
[plan] 2026-07-09T10:00:02+00:00 run immobilier / Hauts-de-France (32) target=990 resume=True depts_done=['02']
  [basile] lead error (skip): IO Error: Could not set lock on file "/home/autoblog/genesis/data/contacts.duckdb": Conflicting lock is held in /usr/bin/python3.12 (PID 138812) by user root. See also https://duckdb.org/docs/stable/connect/concurrency
  [basile] lead error (skip): IO Error: Could not set lock on file "/home/autoblog/genesis/data/contacts.duckdb": Conflicting lock is held in /usr/bin/python3.12 (PID 138812) by user root. See also https://duckdb.org/docs/stable/connect/concurrency
  [basile] lead error (skip): IO Error: Could not set lock on file "/home/autoblog/genesis/data/contacts.duckdb": Conflicting lock is held in /usr/bin/python3.12 (PID 138812) by user root. See also https://duckdb.org/docs/stable/connect/concurrency
  [basile] lead error (skip): IO Error: Could not set lock on file "/home/autoblog/genesis/data/contacts.duckdb": Conflicting lock is held in /usr/bin/python3.12 (PID 138812) by user root. See also https://duckdb.org/docs/stable/connect/concurrency
  [basile] lead error (skip): IO Error: Could not set lock on file "/home/autoblog/genesis/data/contacts.duckdb": Conflicting lock is held in /usr/bin/python3.12 (PID 138812) by user root. See also https://duckdb.org/docs/stable/connect/concurrency
  [basile] lead error (skip): IO Error: Could not set lock on file "/home/autoblog/genesis/data/contacts.duckdb": Conflicting lock is held in /usr/bin/python3.12 (PID 138812) by user root. See also https://duckdb.org/docs/stable/connect/concurrency
  [basile] lead error (skip): IO Error: Could not set lock on file "/home/autoblog/genesis/data/god_mode.duckdb": Conflicting lock is held in /usr/bin/python3.12 (PID 138812) by user root. See also https://duckdb.org/docs/stable/connect/concurrency
  [basile] lead error (skip): IO Error: Could not set lock on file "/home/autoblog/genesis/data/contacts.duckdb": Conflicting lock is held in /usr/bin/python3.12 (PID 138812) by user root. See also https://duckdb.org/docs/stable/connect/concurrency
  [basile] lead error (skip): IO Error: Could not set lock on file "/home/autoblog/genesis/data/contacts.duckdb": Conflicting lock is held in /usr/bin/python3.12 (PID 138812) by user root. See also https://duckdb.org/docs/stable/connect/concurrency
  [basile] lead error (skip): IO Error: Could not set lock on file "/home/autoblog/genesis/data/contacts.duckdb": Conflicting lock is held in /usr/bin/python3.12 (PID 138812) by user root. See also https://duckdb.org/docs/stable/connect/concurrency
  [basile] lead error (skip): IO Error: Could not set lock on file "/home/autoblog/genesis/data/contacts.duckdb": Conflicting lock is held in /usr/bin/python3.12 (PID 138812) by user root. See also https://duckdb.org/docs/stable/connect/concurrency
  [basile] lead error (skip): IO Error: Could not set lock on file "/home/autoblog/genesis/data/contacts.duckdb": Conflicting lock is held in /usr/bin/python3.12 (PID 138812) by user root. See also https://duckdb.org/docs/stable/connect/concurrency
  [basile] lead error (skip): IO Error: Could not set lock on file "/home/autoblog/genesis/data/contacts.duckdb": Conflicting lock is held in /usr/bin/python3.12 (PID 138812) by user root. See also https://duckdb.org/docs/stable/connect/concurrency
  [basile] lead error (skip): IO Error: Could not set lock on file "/home/autoblog/genesis/data/contacts.duckdb": Conflicting lock is held in /usr/bin/python3.12 (PID 138812) by user root. See also https://duckdb.org/docs/stable/connect/concurrency
  [basile] lead error (skip): IO Error: Could not set lock on file "/home/autoblog/genesis/data/contacts.duckdb": Conflicting lock is held in /usr/bin/python3.12 (PID 138812) by user root. See also https://duckdb.org/docs/stable/connect/concurrency
  [basile] lead error (skip): IO Error: Could not set lock on file "/home/autoblog/genesis/data/contacts.duckdb": Conflicting lock is held in /usr/bin/python3.12 (PID 138812) by user root. See also https://duckdb.org/docs/stable/connect/concurrency
  [basile] lead error (skip): IO Error: Could not set lock on file "/home/autoblog/genesis/data/contacts.duckdb": Conflicting lock is held in /usr/bin/python3.12 (PID 138812) by user root. See also https://duckdb.org/docs/stable/connect/concurrency
  [basile] lead error (skip): IO Error: Could not set lock on file "/home/autoblog/genesis/data/contacts.duckdb": Conflicting lock is held in /usr/bin/python3.12 (PID 138812) by user root. See also https://duckdb.org/docs/stable/connect/concurrency
  [basile] lead error (skip): IO Error: Could not set lock on file "/home/autoblog/genesis/data/contacts.duckdb": Conflicting lock is held in /usr/bin/python3.12 (PID 138812) by user root. See also https://duckdb.org/docs/stable/connect/concurrency
  [basile] lead error (skip): IO Error: Could not set lock on file "/home/autoblog/genesis/data/contacts.duckdb": Conflicting lock is held in /usr/bin/python3.12 (PID 138812) by user root. See also https://duckdb.org/docs/stable/connect/concurrency
  [basile] lead error (skip): IO Error: Could not set lock on file "/home/autoblog/genesis/data/contacts.duckdb": Conflicting lock is held in /usr/bin/python3.12 (PID 138812) by user root. See also https://duckdb.org/docs/stable/connect/concurrency
  [basile] lead error (skip): IO Error: Could not set lock on file "/home/autoblog/genesis/data/contacts.duckdb": Conflicting lock is held in /usr/bin/python3.12 (PID 138812) by user root. See also https://duckdb.org/docs/stable/connect/concurrency
  [basile] lead error (skip): IO Error: Could not set lock on file "/home/autoblog/genesis/data/contacts.duckdb": Conflicting lock is held in /usr/bin/python3.12 (PID 138812) by user root. See also https://duckdb.org/docs/stable/connect/concurrency
  [basile] lead error (skip): IO Error: Could not set lock on file "/home/autoblog/genesis/data/contacts.duckdb": Conflicting lock is held in /usr/bin/python3.12 (PID 138812) by user root. See also https://duckdb.org/docs/stable/connect/concurrency
  [basile] lead error (skip): IO Error: Could not set lock on file "/home/autoblog/genesis/data/contacts.duckdb": Conflicting lock is held in /usr/bin/python3.12 (PID 138812) by user root. See also https://duckdb.org/docs/stable/connect/concurrency
  [basile] lead error (skip): IO Error: Could not set lock on file "/home/autoblog/genesis/data/contacts.duckdb": Conflicting lock is held in /usr/bin/python3.12 (PID 138812) by user root. See also https://duckdb.org/docs/stable/connect/concurrency
  [basile] lead error (skip): IO Error: Could not set lock on file "/home/autoblog/genesis/data/contacts.duckdb": Conflicting lock is held in /usr/bin/python3.12 (PID 138812) by user root. See also https://duckdb.org/docs/stable/connect/concurrency
  [basile] lead error (skip): IO Error: Could not set lock on file "/home/autoblog/genesis/data/contacts.duckdb": Conflicting lock is held in /usr/bin/python3.12 (PID 138812) by user root. See also https://duckdb.org/docs/stable/connect/concurrency
  [basile] lead error (skip): IO Error: Could not set lock on file "/home/autoblog/genesis/data/contacts.duckdb": Conflicting lock is held in /usr/bin/python3.12 (PID 138812) by user root. See also https://duckdb.org/docs/stable/connect/concurrency
  [basile] lead error (skip): IO Error: Could not set lock on file "/home/autoblog/genesis/data/contacts.duckdb": Conflicting lock is held in /usr/bin/python3.12 (PID 138812) by user root. See also https://duckdb.org/docs/stable/connect/concurrency
  [basile] lead error (skip): IO Error: Could not set lock on file "/home/autoblog/genesis/data/contacts.duckdb": Conflicting lock is held in /usr/bin/python3.12 (PID 138812) by user root. See also https://duckdb.org/docs/stable/connect/concurrency
  [basile] lead error (skip): IO Error: Could not set lock on file "/home/autoblog/genesis/data/contacts.duckdb": Conflicting lock is held in /usr/bin/python3.12 (PID 138812) by user root. See also https://duckdb.org/docs/stable/connect/concurrency
  [basile] lead error (skip): IO Error: Could not set lock on file "/home/autoblog/genesis/data/contacts.duckdb": Conflicting lock is held in /usr/bin/python3.12 (PID 138812) by user root. See also https://duckdb.org/docs/stable/connect/concurrency
  [basile] lead error (skip): IO Error: Could not set lock on file "/home/autoblog/genesis/data/contacts.duckdb": Conflicting lock is held in /usr/bin/python3.12 (PID 138812) by user root. See also https://duckdb.org/docs/stable/connect/concurrency
  [basile] lead error (skip): IO Error: Could not set lock on file "/home/autoblog/genesis/data/contacts.duckdb": Conflicting lock is held in /usr/bin/python3.12 (PID 138812) by user root. See also https://duckdb.org/docs/stable/connect/concurrency
  [basile] lead error (skip): IO Error: Could not set lock on file "/home/autoblog/genesis/data/contacts.duckdb": Conflicting lock is held in /usr/bin/python3.12 (PID 138812) by user root. See also https://duckdb.org/docs/stable/connect/concurrency
  [basile] lead error (skip): IO Error: Could not set lock on file "/home/autoblog/genesis/data/contacts.duckdb": Conflicting lock is held in /usr/bin/python3.12 (PID 138812) by user root. See also https://duckdb.org/docs/stable/connect/concurrency
  [basile] lead error (skip): IO Error: Could not set lock on file "/home/autoblog/genesis/data/contacts.duckdb": Conflicting lock is held in /usr/bin/python3.12 (PID 138812) by user root. See also https://duckdb.org/docs/stable/connect/concurrency
{
  "ok": true,
  "launched": {
    "sector": "immobilier",
    "region": "Hauts-de-France (32)",
    "resume": true
  }
}
[plan] 2026-07-09T10:30:01+00:00 run immobilier / Hauts-de-France (32) target=990 resume=True depts_done=['02']
{
  "ok": true,
  "launched": {
    "sector": "immobilier",
    "region": "Hauts-de-France (32)",
    "resume": true
  }
}
[plan] 2026-07-09T11:00:01+00:00 run immobilier / Hauts-de-France (32) target=990 resume=True depts_done=['02']
  [basile] lead error (skip): IO Error: Could not set lock on file "/home/autoblog/genesis/data/contacts.duckdb": Conflicting lock is held in /usr/bin/python3.12 (PID 223465) by user root. See also https://duckdb.org/docs/stable/connect/concurrency
  [basile] lead error (skip): IO Error: Could not set lock on file "/home/autoblog/genesis/data/contacts.duckdb": Conflicting lock is held in /usr/bin/python3.12 (PID 223465) by user root. See also https://duckdb.org/docs/stable/connect/concurrency
  [basile] lead error (skip): IO Error: Could not set lock on file "/home/autoblog/genesis/data/contacts.duckdb": Conflicting lock is held in /usr/bin/python3.12 (PID 223465) by user root. See also https://duckdb.org/docs/stable/connect/concurrency
  [basile] lead error (skip): IO Error: Could not set lock on file "/home/autoblog/genesis/data/contacts.duckdb": Conflicting lock is held in /usr/bin/python3.12 (PID 223465) by user root. See also https://duckdb.org/docs/stable/connect/concurrency
  [basile] lead error (skip): IO Error: Could not set lock on file "/home/autoblog/genesis/data/contacts.duckdb": Conflicting lock is held in /usr/bin/python3.12 (PID 223465) by user root. See also https://duckdb.org/docs/stable/connect/concurrency
  [basile] lead error (skip): IO Error: Could not set lock on file "/home/autoblog/genesis/data/contacts.duckdb": Conflicting lock is held in /usr/bin/python3.12 (PID 223465) by user root. See also https://duckdb.org/docs/stable/connect/concurrency
  [basile] lead error (skip): IO Error: Could not set lock on file "/home/autoblog/genesis/data/contacts.duckdb": Conflicting lock is held in /usr/bin/python3.12 (PID 223465) by user root. See also https://duckdb.org/docs/stable/connect/concurrency
  [basile] lead error (skip): IO Error: Could not set lock on file "/home/autoblog/genesis/data/contacts.duckdb": Conflicting lock is held in /usr/bin/python3.12 (PID 223465) by user root. See also https://duckdb.org/docs/stable/connect/concurrency
  [basile] lead error (skip): IO Error: Could not set lock on file "/home/autoblog/genesis/data/contacts.duckdb": Conflicting lock is held in /usr/bin/python3.12 (PID 223465) by user root. See also https://duckdb.org/docs/stable/connect/concurrency
  [basile] lead error (skip): IO Error: Could not set lock on file "/home/autoblog/genesis/data/contacts.duckdb": Conflicting lock is held in /usr/bin/python3.12 (PID 223465) by user root. See also https://duckdb.org/docs/stable/connect/concurrency
  [basile] lead error (skip): IO Error: Could not set lock on file "/home/autoblog/genesis/data/contacts.duckdb": Conflicting lock is held in /usr/bin/python3.12 (PID 223465) by user root. See also https://duckdb.org/docs/stable/connect/concurrency
  [basile] lead error (skip): IO Error: Could not set lock on file "/home/autoblog/genesis/data/contacts.duckdb": Conflicting lock is held in /usr/bin/python3.12 (PID 223465) by user root. See also https://duckdb.org/docs/stable/connect/concurrency
  [basile] lead error (skip): IO Error: Could not set lock on file "/home/autoblog/genesis/data/contacts.duckdb": Conflicting lock is held in /usr/bin/python3.12 (PID 223465) by user root. See also https://duckdb.org/docs/stable/connect/concurrency
  [basile] lead error (skip): IO Error: Could not set lock on file "/home/autoblog/genesis/data/contacts.duckdb": Conflicting lock is held in /usr/bin/python3.12 (PID 223465) by user root. See also https://duckdb.org/docs/stable/connect/concurrency
  [basile] lead error (skip): IO Error: Could not set lock on file "/home/autoblog/genesis/data/contacts.duckdb": Conflicting lock is held in /usr/bin/python3.12 (PID 223465) by user root. See also https://duckdb.org/docs/stable/connect/concurrency
  [basile] lead error (skip): IO Error: Could not set lock on file "/home/autoblog/genesis/data/contacts.duckdb": Conflicting lock is held in /usr/bin/python3.12 (PID 223465) by user root. See also https://duckdb.org/docs/stable/connect/concurrency
  [basile] lead error (skip): IO Error: Could not set lock on file "/home/autoblog/genesis/data/contacts.duckdb": Conflicting lock is held in /usr/bin/python3.12 (PID 223465) by user root. See also https://duckdb.org/docs/stable/connect/concurrency
  [basile] lead error (skip): IO Error: Could not set lock on file "/home/autoblog/genesis/data/contacts.duckdb": Conflicting lock is held in /usr/bin/python3.12 (PID 223465) by user root. See also https://duckdb.org/docs/stable/connect/concurrency
{
  "ok": true,
  "launched": {
    "sector": "immobilier",
    "region": "Hauts-de-France (32)",
    "resume": true
  }
}
[plan] 2026-07-09T11:30:01+00:00 run immobilier / Hauts-de-France (32) target=990 resume=True depts_done=['02']
  [basile] lead error (skip): IO Error: Could not set lock on file "/home/autoblog/genesis/data/god_mode.duckdb": Conflicting lock is held in /usr/bin/python3.12 (PID 186680) by user root. See also https://duckdb.org/docs/stable/connect/concurrency
{
  "ok": true,
  "launched": {
    "sector": "immobilier",
    "region": "Hauts-de-France (32)",
    "resume": true
  }
}
[plan] 2026-07-09T12:00:01+00:00 run immobilier / Hauts-de-France (32) target=990 resume=True depts_done=['02']
  [basile] lead error (skip): IO Error: Could not set lock on file "/home/autoblog/genesis/data/contacts.duckdb": Conflicting lock is held in /usr/bin/python3.12 (PID 306855) by user root. See also https://duckdb.org/docs/stable/connect/concurrency
  [basile] lead error (skip): IO Error: Could not set lock on file "/home/autoblog/genesis/data/contacts.duckdb": Conflicting lock is held in /usr/bin/python3.12 (PID 306855) by user root. See also https://duckdb.org/docs/stable/connect/concurrency
  [basile] lead error (skip): IO Error: Could not set lock on file "/home/autoblog/genesis/data/contacts.duckdb": Conflicting lock is held in /usr/bin/python3.12 (PID 306855) by user root. See also https://duckdb.org/docs/stable/connect/concurrency
  [basile] lead error (skip): IO Error: Could not set lock on file "/home/autoblog/genesis/data/contacts.duckdb": Conflicting lock is held in /usr/bin/python3.12 (PID 306855) by user root. See also https://duckdb.org/docs/stable/connect/concurrency
  [basile] lead error (skip): IO Error: Could not set lock on file "/home/autoblog/genesis/data/contacts.duckdb": Conflicting lock is held in /usr/bin/python3.12 (PID 306855) by user root. See also https://duckdb.org/docs/stable/connect/concurrency
  [basile] lead error (skip): IO Error: Could not set lock on file "/home/autoblog/genesis/data/contacts.duckdb": Conflicting lock is held in /usr/bin/python3.12 (PID 306855) by user root. See also https://duckdb.org/docs/stable/connect/concurrency
  [basile] lead error (skip): IO Error: Could not set lock on file "/home/autoblog/genesis/data/contacts.duckdb": Conflicting lock is held in /usr/bin/python3.12 (PID 306855) by user root. See also https://duckdb.org/docs/stable/connect/concurrency
  [basile] lead error (skip): IO Error: Could not set lock on file "/home/autoblog/genesis/data/contacts.duckdb": Conflicting lock is held in /usr/bin/python3.12 (PID 306855) by user root. See also https://duckdb.org/docs/stable/connect/concurrency
  [basile] lead error (skip): IO Error: Could not set lock on file "/home/autoblog/genesis/data/contacts.duckdb": Conflicting lock is held in /usr/bin/python3.12 (PID 306855) by user root. See also https://duckdb.org/docs/stable/connect/concurrency
  [basile] lead error (skip): IO Error: Could not set lock on file "/home/autoblog/genesis/data/contacts.duckdb": Conflicting lock is held in /usr/bin/python3.12 (PID 306855) by user root. See also https://duckdb.org/docs/stable/connect/concurrency
  [basile] lead error (skip): IO Error: Could not set lock on file "/home/autoblog/genesis/data/contacts.duckdb": Conflicting lock is held in /usr/bin/python3.12 (PID 306855) by user root. See also https://duckdb.org/docs/stable/connect/concurrency
  [basile] lead error (skip): IO Error: Could not set lock on file "/home/autoblog/genesis/data/contacts.duckdb": Conflicting lock is held in /usr/bin/python3.12 (PID 306855) by user root. See also https://duckdb.org/docs/stable/connect/concurrency
  [basile] lead error (skip): IO Error: Could not set lock on file "/home/autoblog/genesis/data/contacts.duckdb": Conflicting lock is held in /usr/bin/python3.12 (PID 306855) by user root. See also https://duckdb.org/docs/stable/connect/concurrency
  [basile] lead error (skip): IO Error: Could not set lock on file "/home/autoblog/genesis/data/contacts.duckdb": Conflicting lock is held in /usr/bin/python3.12 (PID 306855) by user root. See also https://duckdb.org/docs/stable/connect/concurrency
  [basile] lead error (skip): IO Error: Could not set lock on file "/home/autoblog/genesis/data/contacts.duckdb": Conflicting lock is held in /usr/bin/python3.12 (PID 306855) by user root. See also https://duckdb.org/docs/stable/connect/concurrency
  [basile] lead error (skip): IO Error: Could not set lock on file "/home/autoblog/genesis/data/contacts.duckdb": Conflicting lock is held in /usr/bin/python3.12 (PID 306855) by user root. See also https://duckdb.org/docs/stable/connect/concurrency
  [basile] lead error (skip): IO Error: Could not set lock on file "/home/autoblog/genesis/data/contacts.duckdb": Conflicting lock is held in /usr/bin/python3.12 (PID 306855) by user root. See also https://duckdb.org/docs/stable/connect/concurrency
  [basile] lead error (skip): IO Error: Could not set lock on file "/home/autoblog/genesis/data/contacts.duckdb": Conflicting lock is held in /usr/bin/python3.12 (PID 306855) by user root. See also https://duckdb.org/docs/stable/connect/concurrency
  [basile] lead error (skip): IO Error: Could not set lock on file "/home/autoblog/genesis/data/god_mode.duckdb": Conflicting lock is held in /usr/bin/python3.12 (deleted) (PID 2741494) by user root. See also https://duckdb.org/docs/stable/connect/concurrency
{
  "ok": true,
  "skipped": "un autoscrape est déjà en cours",
  "active": {
    "site": "lcr",
    "region": "32",
    "region_name": "Hauts-de-France",
    "dept": null,
    "sectors": [
      "immobilier"
    ],
    "scope": "Région Hauts-de-France",
    "depts_total": 5,
    "depts_done": 1,
    "current_dept": "59 Nord",
    "cities_total": 93,
    "cities_done": 27,
    "current_city": "Saint-André-lez-Lille",
    "examined": 132,
    "valid": 31,
    "rejected": 577,
    "duplicates": 27,
    "errors": 19,
    "kept_total": 31,
    "skipped_seen": 2059,
    "valid_serper": 2,
    "valid_basile": 29,
    "target_contacts": 990,
    "serper_available": 25843,
    "basile_active": true,
    "status": "running",
    "blocked": false,
    "stopped": false,
    "started_at": 1783598402.812253,
    "message": null,
    "current_detail": "immobilier · Serper 0 examinés",
    "updated_at": 1783599933.4092045
  }
}
{
  "ok": true,
  "launched": {
    "sector": "immobilier",
    "region": "Hauts-de-France (32)",
    "resume": true
  }
}
[plan] 2026-07-09T13:00:01+00:00 run immobilier / Hauts-de-France (32) target=990 resume=True depts_done=['02']
  [basile] lead error (skip): IO Error: Could not set lock on file "/home/autoblog/genesis/data/contacts.duckdb": Conflicting lock is held in /usr/bin/python3.12 (PID 383698) by user root. See also https://duckdb.org/docs/stable/connect/concurrency
  [basile] lead error (skip): IO Error: Could not set lock on file "/home/autoblog/genesis/data/contacts.duckdb": Conflicting lock is held in /usr/bin/python3.12 (PID 383698) by user root. See also https://duckdb.org/docs/stable/connect/concurrency
  [basile] lead error (skip): IO Error: Could not set lock on file "/home/autoblog/genesis/data/contacts.duckdb": Conflicting lock is held in /usr/bin/python3.12 (PID 383698) by user root. See also https://duckdb.org/docs/stable/connect/concurrency
  [basile] lead error (skip): IO Error: Could not set lock on file "/home/autoblog/genesis/data/contacts.duckdb": Conflicting lock is held in /usr/bin/python3.12 (PID 383698) by user root. See also https://duckdb.org/docs/stable/connect/concurrency
  [basile] lead error (skip): IO Error: Could not set lock on file "/home/autoblog/genesis/data/contacts.duckdb": Conflicting lock is held in /usr/bin/python3.12 (PID 383698) by user root. See also https://duckdb.org/docs/stable/connect/concurrency
  [basile] lead error (skip): IO Error: Could not set lock on file "/home/autoblog/genesis/data/contacts.duckdb": Conflicting lock is held in /usr/bin/python3.12 (PID 383698) by user root. See also https://duckdb.org/docs/stable/connect/concurrency
  [basile] lead error (skip): IO Error: Could not set lock on file "/home/autoblog/genesis/data/contacts.duckdb": Conflicting lock is held in /usr/bin/python3.12 (PID 383698) by user root. See also https://duckdb.org/docs/stable/connect/concurrency
  [basile] lead error (skip): IO Error: Could not set lock on file "/home/autoblog/genesis/data/contacts.duckdb": Conflicting lock is held in /usr/bin/python3.12 (PID 383698) by user root. See also https://duckdb.org/docs/stable/connect/concurrency
  [basile] lead error (skip): IO Error: Could not set lock on file "/home/autoblog/genesis/data/contacts.duckdb": Conflicting lock is held in /usr/bin/python3.12 (PID 383698) by user root. See also https://duckdb.org/docs/stable/connect/concurrency
  [basile] lead error (skip): IO Error: Could not set lock on file "/home/autoblog/genesis/data/contacts.duckdb": Conflicting lock is held in /usr/bin/python3.12 (PID 383698) by user root. See also https://duckdb.org/docs/stable/connect/concurrency
  [basile] lead error (skip): IO Error: Could not set lock on file "/home/autoblog/genesis/data/contacts.duckdb": Conflicting lock is held in /usr/bin/python3.12 (PID 383698) by user root. See also https://duckdb.org/docs/stable/connect/concurrency
  [basile] lead error (skip): IO Error: Could not set lock on file "/home/autoblog/genesis/data/contacts.duckdb": Conflicting lock is held in /usr/bin/python3.12 (PID 383698) by user root. See also https://duckdb.org/docs/stable/connect/concurrency
{
  "ok": true,
  "launched": {
    "sector": "immobilier",
    "region": "Hauts-de-France (32)",
    "resume": true
  }
}
[plan] 2026-07-09T13:30:01+00:00 run immobilier / Hauts-de-France (32) target=990 resume=True depts_done=['02']
{
  "ok": true,
  "skipped": "un autoscrape est déjà en cours",
  "active": {
    "site": "lcr",
    "region": "32",
    "region_name": "Hauts-de-France",
    "dept": null,
    "sectors": [
      "immobilier"
    ],
    "scope": "Région Hauts-de-France",
    "depts_total": 5,
    "depts_done": 1,
    "current_dept": "59 Nord",
    "cities_total": 93,
    "cities_done": 27,
    "current_city": "Saint-André-lez-Lille",
    "examined": 126,
    "valid": 48,
    "rejected": 574,
    "duplicates": 26,
    "errors": 0,
    "kept_total": 48,
    "skipped_seen": 1884,
    "valid_serper": 0,
    "valid_basile": 48,
    "target_contacts": 990,
    "serper_available": 25516,
    "basile_active": true,
    "status": "running",
    "blocked": false,
    "stopped": false,
    "started_at": 1783603802.2241642,
    "message": null,
    "current_detail": "immobilier · Serper 0 examinés",
    "updated_at": 1783605474.6262028
  }
}
{
  "ok": true,
  "launched": {
    "sector": "immobilier",
    "region": "Hauts-de-France (32)",
    "resume": true
  }
}
[plan] 2026-07-09T14:30:01+00:00 run immobilier / Hauts-de-France (32) target=990 resume=True depts_done=['02']
{
  "ok": true,
  "skipped": "un autoscrape est déjà en cours",
  "active": {
    "site": "lcr",
    "region": "32",
    "region_name": "Hauts-de-France",
    "dept": null,
    "sectors": [
      "immobilier"
    ],
    "scope": "Région Hauts-de-France",
    "depts_total": 5,
    "depts_done": 1,
    "current_dept": "59 Nord",
    "cities_total": 93,
    "cities_done": 22,
    "current_city": "Douchy-les-Mines",
    "examined": 93,
    "valid": 44,
    "rejected": 449,
    "duplicates": 23,
    "errors": 0,
    "kept_total": 44,
    "skipped_seen": 1594,
    "valid_serper": 0,
    "valid_basile": 44,
    "target_contacts": 990,
    "serper_available": 25245,
    "basile_active": true,
    "status": "running",
    "blocked": false,
    "stopped": false,
    "started_at": 1783607403.6462913,
    "message": null,
    "current_detail": "immobilier · Serper 4 examinés",
    "updated_at": 1783609200.21523
  }
}
  [basile] lead error (skip): IO Error: Could not set lock on file "/home/autoblog/genesis/data/contacts.duckdb": Conflicting lock is held in /usr/bin/python3.12 (PID 535964) by user root. See also https://duckdb.org/docs/stable/connect/concurrency
  [basile] lead error (skip): IO Error: Could not set lock on file "/home/autoblog/genesis/data/contacts.duckdb": Conflicting lock is held in /usr/bin/python3.12 (PID 535964) by user root. See also https://duckdb.org/docs/stable/connect/concurrency
  [basile] lead error (skip): IO Error: Could not set lock on file "/home/autoblog/genesis/data/contacts.duckdb": Conflicting lock is held in /usr/bin/python3.12 (PID 535964) by user root. See also https://duckdb.org/docs/stable/connect/concurrency
  [basile] lead error (skip): IO Error: Could not set lock on file "/home/autoblog/genesis/data/contacts.duckdb": Conflicting lock is held in /usr/bin/python3.12 (PID 535964) by user root. See also https://duckdb.org/docs/stable/connect/concurrency
  [basile] lead error (skip): IO Error: Could not set lock on file "/home/autoblog/genesis/data/contacts.duckdb": Conflicting lock is held in /usr/bin/python3.12 (PID 535964) by user root. See also https://duckdb.org/docs/stable/connect/concurrency
{
  "ok": true,
  "launched": {
    "sector": "immobilier",
    "region": "Hauts-de-France (32)",
    "resume": true
  }
}
[plan] 2026-07-09T15:30:02+00:00 run immobilier / Hauts-de-France (32) target=990 resume=True depts_done=['02']
  [basile] lead error (skip): IO Error: Could not set lock on file "/home/autoblog/genesis/data/god_mode.duckdb": Conflicting lock is held in /usr/bin/python3.12 (deleted) (PID 2741494) by user root. See also https://duckdb.org/docs/stable/connect/concurrency
{
  "ok": true,
  "skipped": "un autoscrape est déjà en cours",
  "active": {
    "site": "lcr",
    "region": "32",
    "region_name": "Hauts-de-France",
    "dept": null,
    "sectors": [
      "immobilier"
    ],
    "scope": "Région Hauts-de-France",
    "depts_total": 5,
    "depts_done": 1,
    "current_dept": "59 Nord",
    "cities_total": 93,
    "cities_done": 23,
    "current_city": "Wasquehal",
    "examined": 95,
    "valid": 47,
    "rejected": 467,
    "duplicates": 21,
    "errors": 1,
    "kept_total": 47,
    "skipped_seen": 1617,
    "valid_serper": 3,
    "valid_basile": 44,
    "target_contacts": 990,
    "serper_available": 24972,
    "basile_active": true,
    "status": "running",
    "blocked": false,
    "stopped": false,
    "started_at": 1783611003.7933269,
    "message": null,
    "current_detail": "immobilier · Serper 0 examinés",
    "updated_at": 1783612798.7132008
  }
}
  [basile] lead error (skip): IO Error: Could not set lock on file "/home/autoblog/genesis/data/contacts.duckdb": Conflicting lock is held in /usr/bin/python3.12 (PID 613059) by user root. See also https://duckdb.org/docs/stable/connect/concurrency
  [basile] lead error (skip): IO Error: Could not set lock on file "/home/autoblog/genesis/data/contacts.duckdb": Conflicting lock is held in /usr/bin/python3.12 (PID 613059) by user root. See also https://duckdb.org/docs/stable/connect/concurrency
  [basile] lead error (skip): IO Error: Could not set lock on file "/home/autoblog/genesis/data/contacts.duckdb": Conflicting lock is held in /usr/bin/python3.12 (PID 613059) by user root. See also https://duckdb.org/docs/stable/connect/concurrency
  [basile] lead error (skip): IO Error: Could not set lock on file "/home/autoblog/genesis/data/contacts.duckdb": Conflicting lock is held in /usr/bin/python3.12 (PID 613059) by user root. See also https://duckdb.org/docs/stable/connect/concurrency
  [basile] lead error (skip): IO Error: Could not set lock on file "/home/autoblog/genesis/data/contacts.duckdb": Conflicting lock is held in /usr/bin/python3.12 (PID 613059) by user root. See also https://duckdb.org/docs/stable/connect/concurrency
{
  "ok": true,
  "launched": {
    "sector": "immobilier",
    "region": "Hauts-de-France (32)",
    "resume": true
  }
}
[plan] 2026-07-09T16:30:01+00:00 run immobilier / Hauts-de-France (32) target=990 resume=True depts_done=['02']
{
  "ok": true,
  "skipped": "un autoscrape est déjà en cours",
  "active": {
    "site": "lcr",
    "region": "32",
    "region_name": "Hauts-de-France",
    "dept": null,
    "sectors": [
      "immobilier"
    ],
    "scope": "Région Hauts-de-France",
    "depts_total": 5,
    "depts_done": 1,
    "current_dept": "59 Nord",
    "cities_total": 93,
    "cities_done": 19,
    "current_city": "Halluin",
    "examined": 78,
    "valid": 41,
    "rejected": 407,
    "duplicates": 23,
    "errors": 0,
    "kept_total": 41,
    "skipped_seen": 1400,
    "valid_serper": 0,
    "valid_basile": 41,
    "target_contacts": 990,
    "serper_available": 24697,
    "basile_active": true,
    "status": "running",
    "blocked": false,
    "stopped": false,
    "started_at": 1783614603.9733696,
    "message": null,
    "current_detail": "immobilier · Basile Halluin",
    "updated_at": 1783616394.718707
  }
}
  [basile] lead error (skip): IO Error: Could not set lock on file "/home/autoblog/genesis/data/contacts.duckdb": Conflicting lock is held in /usr/bin/python3.12 (PID 688955) by user root. See also https://duckdb.org/docs/stable/connect/concurrency
  [basile] lead error (skip): IO Error: Could not set lock on file "/home/autoblog/genesis/data/contacts.duckdb": Conflicting lock is held in /usr/bin/python3.12 (PID 688955) by user root. See also https://duckdb.org/docs/stable/connect/concurrency
  [basile] lead error (skip): IO Error: Could not set lock on file "/home/autoblog/genesis/data/contacts.duckdb": Conflicting lock is held in /usr/bin/python3.12 (PID 688955) by user root. See also https://duckdb.org/docs/stable/connect/concurrency
  [basile] lead error (skip): IO Error: Could not set lock on file "/home/autoblog/genesis/data/contacts.duckdb": Conflicting lock is held in /usr/bin/python3.12 (PID 688955) by user root. See also https://duckdb.org/docs/stable/connect/concurrency
  [basile] lead error (skip): IO Error: Could not set lock on file "/home/autoblog/genesis/data/contacts.duckdb": Conflicting lock is held in /usr/bin/python3.12 (PID 688955) by user root. See also https://duckdb.org/docs/stable/connect/concurrency
  [basile] lead error (skip): IO Error: Could not set lock on file "/home/autoblog/genesis/data/contacts.duckdb": Conflicting lock is held in /usr/bin/python3.12 (PID 688955) by user root. See also https://duckdb.org/docs/stable/connect/concurrency
{
  "ok": true,
  "launched": {
    "sector": "immobilier",
    "region": "Hauts-de-France (32)",
    "resume": true
  }
}
[plan] 2026-07-09T17:30:01+00:00 run immobilier / Hauts-de-France (32) target=990 resume=True depts_done=['02']
  [basile] lead error (skip): IO Error: Could not set lock on file "/home/autoblog/genesis/data/god_mode.duckdb": Conflicting lock is held in /usr/bin/python3.12 (deleted) (PID 2741494) by user root. See also https://duckdb.org/docs/stable/connect/concurrency
{
  "ok": true,
  "launched": {
    "sector": "immobilier",
    "region": "Hauts-de-France (32)",
    "resume": true
  }
}
[plan] 2026-07-09T18:00:02+00:00 run immobilier / Hauts-de-France (32) target=990 resume=True depts_done=['02']
  [basile] lead error (skip): IO Error: Could not set lock on file "/home/autoblog/genesis/data/god_mode.duckdb": Conflicting lock is held in /usr/bin/python3.12 (PID 725496) by user autoblog. See also https://duckdb.org/docs/stable/connect/concurrency
  [basile] lead error (skip): IO Error: Could not set lock on file "/home/autoblog/genesis/data/contacts.duckdb": Conflicting lock is held in /usr/bin/python3.12 (PID 762591) by user root. See also https://duckdb.org/docs/stable/connect/concurrency
  [basile] lead error (skip): IO Error: Could not set lock on file "/home/autoblog/genesis/data/contacts.duckdb": Conflicting lock is held in /usr/bin/python3.12 (PID 762591) by user root. See also https://duckdb.org/docs/stable/connect/concurrency
  [basile] lead error (skip): IO Error: Could not set lock on file "/home/autoblog/genesis/data/contacts.duckdb": Conflicting lock is held in /usr/bin/python3.12 (PID 762591) by user root. See also https://duckdb.org/docs/stable/connect/concurrency
  [basile] lead error (skip): IO Error: Could not set lock on file "/home/autoblog/genesis/data/contacts.duckdb": Conflicting lock is held in /usr/bin/python3.12 (PID 762591) by user root. See also https://duckdb.org/docs/stable/connect/concurrency
  [basile] lead error (skip): IO Error: Could not set lock on file "/home/autoblog/genesis/data/contacts.duckdb": Conflicting lock is held in /usr/bin/python3.12 (PID 762591) by user root. See also https://duckdb.org/docs/stable/connect/concurrency
  [basile] lead error (skip): IO Error: Could not set lock on file "/home/autoblog/genesis/data/contacts.duckdb": Conflicting lock is held in /usr/bin/python3.12 (PID 762591) by user root. See also https://duckdb.org/docs/stable/connect/concurrency
  [basile] lead error (skip): IO Error: Could not set lock on file "/home/autoblog/genesis/data/contacts.duckdb": Conflicting lock is held in /usr/bin/python3.12 (PID 762591) by user root. See also https://duckdb.org/docs/stable/connect/concurrency
  [basile] lead error (skip): IO Error: Could not set lock on file "/home/autoblog/genesis/data/contacts.duckdb": Conflicting lock is held in /usr/bin/python3.12 (PID 762591) by user root. See also https://duckdb.org/docs/stable/connect/concurrency
  [basile] lead error (skip): IO Error: Could not set lock on file "/home/autoblog/genesis/data/contacts.duckdb": Conflicting lock is held in /usr/bin/python3.12 (PID 762591) by user root. See also https://duckdb.org/docs/stable/connect/concurrency
  [basile] lead error (skip): IO Error: Could not set lock on file "/home/autoblog/genesis/data/contacts.duckdb": Conflicting lock is held in /usr/bin/python3.12 (PID 762591) by user root. See also https://duckdb.org/docs/stable/connect/concurrency
  [basile] lead error (skip): IO Error: Could not set lock on file "/home/autoblog/genesis/data/god_mode.duckdb": Conflicting lock is held in /usr/bin/python3.12 (PID 725496) by user autoblog. See also https://duckdb.org/docs/stable/connect/concurrency
  [basile] lead error (skip): IO Error: Could not set lock on file "/home/autoblog/genesis/data/contacts.duckdb": Conflicting lock is held in /usr/bin/python3.12 (PID 762591) by user root. See also https://duckdb.org/docs/stable/connect/concurrency
  [basile] lead error (skip): IO Error: Could not set lock on file "/home/autoblog/genesis/data/god_mode.duckdb": Conflicting lock is held in /usr/bin/python3.12 (PID 725496) by user autoblog. See also https://duckdb.org/docs/stable/connect/concurrency
  [basile] lead error (skip): IO Error: Could not set lock on file "/home/autoblog/genesis/data/contacts.duckdb": Conflicting lock is held in /usr/bin/python3.12 (PID 762591) by user root. See also https://duckdb.org/docs/stable/connect/concurrency
  [basile] lead error (skip): IO Error: Could not set lock on file "/home/autoblog/genesis/data/contacts.duckdb": Conflicting lock is held in /usr/bin/python3.12 (PID 762591) by user root. See also https://duckdb.org/docs/stable/connect/concurrency
  [basile] lead error (skip): IO Error: Could not set lock on file "/home/autoblog/genesis/data/contacts.duckdb": Conflicting lock is held in /usr/bin/python3.12 (PID 762591) by user root. See also https://duckdb.org/docs/stable/connect/concurrency
  [basile] lead error (skip): IO Error: Could not set lock on file "/home/autoblog/genesis/data/contacts.duckdb": Conflicting lock is held in /usr/bin/python3.12 (PID 762591) by user root. See also https://duckdb.org/docs/stable/connect/concurrency
  [basile] lead error (skip): IO Error: Could not set lock on file "/home/autoblog/genesis/data/contacts.duckdb": Conflicting lock is held in /usr/bin/python3.12 (PID 762591) by user root. See also https://duckdb.org/docs/stable/connect/concurrency
  [basile] lead error (skip): IO Error: Could not set lock on file "/home/autoblog/genesis/data/god_mode.duckdb": Conflicting lock is held in /usr/bin/python3.12 (PID 725496) by user autoblog. See also https://duckdb.org/docs/stable/connect/concurrency
  [basile] lead error (skip): IO Error: Could not set lock on file "/home/autoblog/genesis/data/contacts.duckdb": Conflicting lock is held in /usr/bin/python3.12 (PID 762591) by user root. See also https://duckdb.org/docs/stable/connect/concurrency
  [basile] lead error (skip): IO Error: Could not set lock on file "/home/autoblog/genesis/data/contacts.duckdb": Conflicting lock is held in /usr/bin/python3.12 (PID 762591) by user root. See also https://duckdb.org/docs/stable/connect/concurrency
  [basile] lead error (skip): IO Error: Could not set lock on file "/home/autoblog/genesis/data/contacts.duckdb": Conflicting lock is held in /usr/bin/python3.12 (PID 762591) by user root. See also https://duckdb.org/docs/stable/connect/concurrency
  [basile] lead error (skip): IO Error: Could not set lock on file "/home/autoblog/genesis/data/god_mode.duckdb": Conflicting lock is held in /usr/bin/python3.12 (PID 725496) by user autoblog. See also https://duckdb.org/docs/stable/connect/concurrency
{
  "ok": true,
  "launched": {
    "sector": "immobilier",
    "region": "Hauts-de-France (32)",
    "resume": true
  }
}
[plan] 2026-07-09T18:30:02+00:00 run immobilier / Hauts-de-France (32) target=990 resume=True depts_done=['02']
  [basile] lead error (skip): IO Error: Could not set lock on file "/home/autoblog/genesis/data/contacts.duckdb": Conflicting lock is held in /usr/bin/python3.12 (PID 762644) by user autoblog. See also https://duckdb.org/docs/stable/connect/concurrency
  [basile] lead error (skip): IO Error: Could not set lock on file "/home/autoblog/genesis/data/contacts.duckdb": Conflicting lock is held in /usr/bin/python3.12 (PID 799198) by user autoblog. See also https://duckdb.org/docs/stable/connect/concurrency
  [basile] lead error (skip): IO Error: Could not set lock on file "/home/autoblog/genesis/data/contacts.duckdb": Conflicting lock is held in /usr/bin/python3.12 (PID 799198) by user autoblog. See also https://duckdb.org/docs/stable/connect/concurrency
  [basile] lead error (skip): IO Error: Could not set lock on file "/home/autoblog/genesis/data/god_mode.duckdb": Conflicting lock is held in /usr/bin/python3.12 (deleted) (PID 2741494) by user root. See also https://duckdb.org/docs/stable/connect/concurrency
{
  "ok": true,
  "launched": {
    "sector": "immobilier",
    "region": "Hauts-de-France (32)",
    "resume": true
  }
}
[plan] 2026-07-09T19:00:01+00:00 run immobilier / Hauts-de-France (32) target=990 resume=True depts_done=['02']
  [basile] lead error (skip): IO Error: Could not set lock on file "/home/autoblog/genesis/data/contacts.duckdb": Conflicting lock is held in /usr/bin/python3.12 (PID 836653) by user root. See also https://duckdb.org/docs/stable/connect/concurrency
  [basile] lead error (skip): IO Error: Could not set lock on file "/home/autoblog/genesis/data/contacts.duckdb": Conflicting lock is held in /usr/bin/python3.12 (PID 836653) by user root. See also https://duckdb.org/docs/stable/connect/concurrency
  [basile] lead error (skip): IO Error: Could not set lock on file "/home/autoblog/genesis/data/god_mode.duckdb": Conflicting lock is held in /usr/bin/python3.12 (PID 836653) by user root. See also https://duckdb.org/docs/stable/connect/concurrency
  [basile] lead error (skip): IO Error: Could not set lock on file "/home/autoblog/genesis/data/contacts.duckdb": Conflicting lock is held in /usr/bin/python3.12 (PID 836653) by user root. See also https://duckdb.org/docs/stable/connect/concurrency
  [basile] lead error (skip): IO Error: Could not set lock on file "/home/autoblog/genesis/data/god_mode.duckdb": Conflicting lock is held in /usr/bin/python3.12 (PID 799198) by user autoblog. See also https://duckdb.org/docs/stable/connect/concurrency
  [basile] lead error (skip): IO Error: Could not set lock on file "/home/autoblog/genesis/data/contacts.duckdb": Conflicting lock is held in /usr/bin/python3.12 (PID 836653) by user root. See also https://duckdb.org/docs/stable/connect/concurrency
  [basile] lead error (skip): IO Error: Could not set lock on file "/home/autoblog/genesis/data/contacts.duckdb": Conflicting lock is held in /usr/bin/python3.12 (PID 836653) by user root. See also https://duckdb.org/docs/stable/connect/concurrency
  [basile] lead error (skip): IO Error: Could not set lock on file "/home/autoblog/genesis/data/contacts.duckdb": Conflicting lock is held in /usr/bin/python3.12 (PID 836653) by user root. See also https://duckdb.org/docs/stable/connect/concurrency
  [basile] lead error (skip): IO Error: Could not set lock on file "/home/autoblog/genesis/data/contacts.duckdb": Conflicting lock is held in /usr/bin/python3.12 (PID 836653) by user root. See also https://duckdb.org/docs/stable/connect/concurrency
  [basile] lead error (skip): IO Error: Could not set lock on file "/home/autoblog/genesis/data/contacts.duckdb": Conflicting lock is held in /usr/bin/python3.12 (PID 836653) by user root. See also https://duckdb.org/docs/stable/connect/concurrency
  [basile] lead error (skip): IO Error: Could not set lock on file "/home/autoblog/genesis/data/contacts.duckdb": Conflicting lock is held in /usr/bin/python3.12 (PID 836653) by user root. See also https://duckdb.org/docs/stable/connect/concurrency
  [basile] lead error (skip): IO Error: Could not set lock on file "/home/autoblog/genesis/data/contacts.duckdb": Conflicting lock is held in /usr/bin/python3.12 (PID 836653) by user root. See also https://duckdb.org/docs/stable/connect/concurrency
  [basile] lead error (skip): IO Error: Could not set lock on file "/home/autoblog/genesis/data/contacts.duckdb": Conflicting lock is held in /usr/bin/python3.12 (PID 836653) by user root. See also https://duckdb.org/docs/stable/connect/concurrency
  [basile] lead error (skip): IO Error: Could not set lock on file "/home/autoblog/genesis/data/god_mode.duckdb": Conflicting lock is held in /usr/bin/python3.12 (PID 799198) by user autoblog. See also https://duckdb.org/docs/stable/connect/concurrency
  [basile] lead error (skip): IO Error: Could not set lock on file "/home/autoblog/genesis/data/contacts.duckdb": Conflicting lock is held in /usr/bin/python3.12 (PID 836653) by user root. See also https://duckdb.org/docs/stable/connect/concurrency
  [basile] lead error (skip): IO Error: Could not set lock on file "/home/autoblog/genesis/data/contacts.duckdb": Conflicting lock is held in /usr/bin/python3.12 (PID 836653) by user root. See also https://duckdb.org/docs/stable/connect/concurrency
  [basile] lead error (skip): IO Error: Could not set lock on file "/home/autoblog/genesis/data/contacts.duckdb": Conflicting lock is held in /usr/bin/python3.12 (PID 836653) by user root. See also https://duckdb.org/docs/stable/connect/concurrency
  [basile] lead error (skip): IO Error: Could not set lock on file "/home/autoblog/genesis/data/contacts.duckdb": Conflicting lock is held in /usr/bin/python3.12 (PID 836653) by user root. See also https://duckdb.org/docs/stable/connect/concurrency
  [basile] lead error (skip): IO Error: Could not set lock on file "/home/autoblog/genesis/data/contacts.duckdb": Conflicting lock is held in /usr/bin/python3.12 (PID 836653) by user root. See also https://duckdb.org/docs/stable/connect/concurrency
  [basile] lead error (skip): IO Error: Could not set lock on file "/home/autoblog/genesis/data/contacts.duckdb": Conflicting lock is held in /usr/bin/python3.12 (PID 836653) by user root. See also https://duckdb.org/docs/stable/connect/concurrency
  [basile] lead error (skip): IO Error: Could not set lock on file "/home/autoblog/genesis/data/contacts.duckdb": Conflicting lock is held in /usr/bin/python3.12 (PID 836653) by user root. See also https://duckdb.org/docs/stable/connect/concurrency
  [basile] lead error (skip): IO Error: Could not set lock on file "/home/autoblog/genesis/data/contacts.duckdb": Conflicting lock is held in /usr/bin/python3.12 (PID 836653) by user root. See also https://duckdb.org/docs/stable/connect/concurrency
  [basile] lead error (skip): IO Error: Could not set lock on file "/home/autoblog/genesis/data/contacts.duckdb": Conflicting lock is held in /usr/bin/python3.12 (PID 836653) by user root. See also https://duckdb.org/docs/stable/connect/concurrency
{
  "ok": true,
  "launched": {
    "sector": "immobilier",
    "region": "Hauts-de-France (32)",
    "resume": true
  }
}
[plan] 2026-07-09T19:30:01+00:00 run immobilier / Hauts-de-France (32) target=990 resume=True depts_done=['02']
{
  "ok": true,
  "skipped": "un autoscrape est déjà en cours",
  "active": {
    "site": "lcr",
    "region": "32",
    "region_name": "Hauts-de-France",
    "dept": null,
    "sectors": [
      "immobilier"
    ],
    "scope": "Région Hauts-de-France",
    "depts_total": 5,
    "depts_done": 1,
    "current_dept": "59 Nord",
    "cities_total": 93,
    "cities_done": 17,
    "current_city": "Roncq",
    "examined": 105,
    "valid": 48,
    "rejected": 396,
    "duplicates": 21,
    "errors": 0,
    "kept_total": 48,
    "skipped_seen": 1293,
    "valid_serper": 8,
    "valid_basile": 40,
    "target_contacts": 990,
    "serper_available": 23558,
    "basile_active": true,
    "status": "running",
    "blocked": false,
    "stopped": false,
    "started_at": 1783625403.1900456,
    "message": null,
    "current_detail": "immobilier · Basile Roncq",
    "updated_at": 1783627169.3069348
  }
}
{
  "ok": true,
  "launched": {
    "sector": "immobilier",
    "region": "Hauts-de-France (32)",
    "resume": true
  }
}
[plan] 2026-07-09T20:30:02+00:00 run immobilier / Hauts-de-France (32) target=990 resume=True depts_done=['02']
{
  "ok": true,
  "skipped": "un autoscrape est déjà en cours",
  "active": {
    "site": "lcr",
    "region": "32",
    "region_name": "Hauts-de-France",
    "dept": null,
    "sectors": [
      "immobilier"
    ],
    "scope": "Région Hauts-de-France",
    "depts_total": 5,
    "depts_done": 1,
    "current_dept": "59 Nord",
    "cities_total": 93,
    "cities_done": 16,
    "current_city": "Denain",
    "examined": 104,
    "valid": 44,
    "rejected": 382,
    "duplicates": 23,
    "errors": 0,
    "kept_total": 44,
    "skipped_seen": 1279,
    "valid_serper": 6,
    "valid_basile": 38,
    "target_contacts": 990,
    "serper_available": 23285,
    "basile_active": true,
    "status": "running",
    "blocked": false,
    "stopped": false,
    "started_at": 1783629004.359294,
    "message": null,
    "current_detail": "immobilier · Basile Denain",
    "updated_at": 1783630568.3439207
  }
}
