{
  "ok": true,
  "skipped": "scraping réservé à la plage 22:00–08:00 (il est 10:35 à Paris)"
}
{
  "ok": true,
  "skipped": "scraping réservé à la plage 22:00–08:00 (il est 21:00 à Paris)"
}
{
  "ok": true,
  "skipped": "scraping réservé à la plage 22:00–08:00 (il est 21:15 à Paris)"
}
{
  "ok": true,
  "skipped": "scraping réservé à la plage 22:00–08:00 (il est 21:30 à Paris)"
}
{
  "ok": true,
  "skipped": "scraping réservé à la plage 22:00–08:00 (il est 21:45 à Paris)"
}
{
  "ok": true,
  "launched": {
    "action": "start",
    "sector": "immobilier",
    "dept": "75 Paris",
    "why": "nouvelle cible"
  }
}
{
  "ok": true,
  "skipped": "un scrape tourne déjà",
  "action": "skip"
}
{
  "ok": true,
  "skipped": "un scrape tourne déjà",
  "live": {
    "status": "running",
    "scope": "Dept 92",
    "valid": 37,
    "current_city": "Asnières-sur-Seine"
  }
}
{
  "ok": true,
  "launched": {
    "action": "start",
    "sector": "immobilier",
    "dept": "75 Paris",
    "why": "nouvelle cible"
  }
}
[daily] 2026-08-06T20:30:02+00:00 start immobilier / dept 75 Paris — cible=2000 reliquat=2000 acquis=0 · scrape jusqu'à 07:20 (529 min), nettoyage jusqu'à 07:50 Paris
{
  "ok": true,
  "closed": true,
  "valid": 16,
  "result": {
    "ok": true,
    "id": "lcr:immobilier:75",
    "runs": 1,
    "valid_total": 16,
    "status": "pending"
  }
}
{
  "ok": true,
  "launched": {
    "action": "start",
    "sector": "immobilier",
    "dept": "93 Seine-Saint-Denis",
    "why": "nouvelle cible"
  }
}
[daily] 2026-08-06T20:45:02+00:00 start immobilier / dept 93 Seine-Saint-Denis — cible=2000 reliquat=2000 acquis=0 · scrape jusqu'à 07:20 (514 min), nettoyage jusqu'à 07:50 Paris
