2026-08-19 21:53:36,732 [INFO] 106 contact(s) à enrichir (rebuild=False, dry_run=False)
2026-08-19 21:53:36,732 [INFO] Durée estimée minimale : ~26s (106 × 4 req/s)
Traceback (most recent call last):
  File "/home/autoblog/genesis/scripts/datagouv_enrich.py", line 529, in <module>
    sys.exit(main())
             ^^^^^^
  File "/home/autoblog/genesis/scripts/datagouv_enrich.py", line 481, in main
    row = enrich_contact(contact, client)
          ^^^^^^^^^^^^^^^^^^^^^^^^^^^^^^^
  File "/home/autoblog/genesis/scripts/datagouv_enrich.py", line 304, in enrich_contact
    payload = client.by_denomination(
              ^^^^^^^^^^^^^^^^^^^^^^^
  File "/home/autoblog/genesis/scripts/datagouv_enrich.py", line 236, in by_denomination
    return self.search(params)
           ^^^^^^^^^^^^^^^^^^^
  File "/home/autoblog/genesis/scripts/datagouv_enrich.py", line 205, in search
    self.rl.wait()
  File "/home/autoblog/genesis/scripts/datagouv_enrich.py", line 180, in wait
    time.sleep(self.interval - elapsed)
KeyboardInterrupt
2026-08-20 06:30:02,074 [INFO] 96 contact(s) à enrichir (rebuild=False, dry_run=False)
2026-08-20 06:30:02,075 [INFO] Durée estimée minimale : ~24s (96 × 4 req/s)
2026-08-20 06:30:11,605 [INFO]   ...50/96 (30 enrichis, 1 exclus, API=33 cache=22)
Traceback (most recent call last):
  File "/home/autoblog/genesis/scripts/datagouv_enrich.py", line 550, in <module>
    sys.exit(main())
             ^^^^^^
  File "/home/autoblog/genesis/scripts/datagouv_enrich.py", line 481, in main
    row = enrich_contact(contact, client)
          ^^^^^^^^^^^^^^^^^^^^^^^^^^^^^^^
  File "/home/autoblog/genesis/scripts/datagouv_enrich.py", line 382, in enrich_contact
    latitude=float(siege["latitude"]) if siege.get("latitude") else None,
             ^^^^^^^^^^^^^^^^^^^^^^^^
ValueError: could not convert string to float: '[NON-DIFFUSIBLE]'
