{
 "site": "lcr",
 "dry_run": false,
 "scenarios": []
}
{
 "site": "lcr",
 "dry_run": false,
 "scenarios": []
}
{
 "site": "lcr",
 "dry_run": false,
 "scenarios": []
}
{
 "site": "lcr",
 "dry_run": false,
 "scenarios": []
}
{
 "site": "lcr",
 "dry_run": false,
 "scenarios": []
}
{
 "sites": [],
 "dry_run": false,
 "scenarios": []
}
{
 "sites": [],
 "dry_run": false,
 "scenarios": []
}
{
 "sites": [],
 "dry_run": false,
 "scenarios": []
}
{
 "sites": [],
 "dry_run": false,
 "scenarios": []
}
{
 "sites": [],
 "dry_run": false,
 "scenarios": []
}
{
 "sites": [],
 "dry_run": false,
 "scenarios": []
}
{
 "sites": [],
 "dry_run": false,
 "scenarios": []
}
{
 "sites": [],
 "dry_run": false,
 "scenarios": []
}
{
 "sites": [],
 "dry_run": false,
 "scenarios": []
}
{
 "sites": [],
 "dry_run": false,
 "scenarios": []
}
{
 "sites": [],
 "dry_run": false,
 "scenarios": []
}
{
 "sites": [],
 "dry_run": false,
 "scenarios": []
}
{
 "sites": [],
 "dry_run": false,
 "scenarios": []
}
{
 "sites": [],
 "dry_run": false,
 "scenarios": []
}
{
 "sites": [],
 "dry_run": false,
 "scenarios": []
}
{
 "sites": [],
 "dry_run": false,
 "scenarios": []
}
{
 "sites": [],
 "dry_run": false,
 "scenarios": []
}
{
 "sites": [],
 "dry_run": false,
 "scenarios": []
}
{
 "sites": [],
 "dry_run": false,
 "scenarios": []
}
{
 "sites": [],
 "dry_run": false,
 "scenarios": []
}
{
 "sites": [],
 "dry_run": false,
 "scenarios": []
}
{
 "sites": [],
 "dry_run": false,
 "scenarios": []
}
{
 "sites": [],
 "dry_run": false,
 "scenarios": []
}
{
 "sites": [],
 "dry_run": false,
 "scenarios": []
}
{
 "sites": [],
 "dry_run": false,
 "scenarios": []
}
{
 "sites": [],
 "dry_run": false,
 "scenarios": []
}
{
 "sites": [],
 "dry_run": false,
 "scenarios": []
}
{
 "sites": [],
 "dry_run": false,
 "scenarios": []
}
{
 "sites": [],
 "dry_run": false,
 "scenarios": []
}
{
 "sites": [],
 "dry_run": false,
 "scenarios": []
}
{
 "sites": [],
 "dry_run": false,
 "scenarios": []
}
{
 "sites": [],
 "dry_run": false,
 "scenarios": []
}
{
 "sites": [],
 "dry_run": false,
 "scenarios": []
}
{
 "sites": [],
 "dry_run": false,
 "scenarios": []
}
{
 "sites": [],
 "dry_run": false,
 "scenarios": []
}
{
 "sites": [],
 "dry_run": false,
 "scenarios": []
}
{
 "sites": [],
 "dry_run": false,
 "scenarios": []
}
{
 "sites": [],
 "dry_run": false,
 "scenarios": []
}
{
 "sites": [],
 "dry_run": false,
 "scenarios": []
}
{
 "sites": [],
 "dry_run": false,
 "scenarios": []
}
{
 "sites": [],
 "dry_run": false,
 "scenarios": []
}
{
 "sites": [],
 "dry_run": false,
 "scenarios": []
}
{
 "sites": [],
 "dry_run": false,
 "scenarios": []
}
