{
  "ok": true,
  "envois": 1307,
  "evenements": 2029,
  "orphelins": 1514,
  "nominatives_reconnues": 150,
  "lignes_historique": 33
}
{
  "ok": true,
  "envois": 1307,
  "evenements": 2031,
  "orphelins": 1514,
  "nominatives_reconnues": 150,
  "lignes_historique": 33
}
{
  "ok": true,
  "envois": 1307,
  "evenements": 2033,
  "orphelins": 1514,
  "nominatives_reconnues": 150,
  "lignes_historique": 33
}
{
  "ok": true,
  "envois": 1307,
  "evenements": 2033,
  "orphelins": 1514,
  "nominatives_reconnues": 150,
  "lignes_historique": 33
}
{
  "ok": true,
  "envois": 1307,
  "evenements": 2033,
  "orphelins": 1514,
  "nominatives_reconnues": 150,
  "lignes_historique": 33
}
{
  "ok": true,
  "envois": 1307,
  "evenements": 2034,
  "orphelins": 1514,
  "nominatives_reconnues": 150,
  "lignes_historique": 33
}
{
  "ok": true,
  "envois": 1307,
  "evenements": 2034,
  "orphelins": 1514,
  "nominatives_reconnues": 150,
  "lignes_historique": 33
}
{
  "ok": true,
  "envois": 1307,
  "evenements": 2036,
  "orphelins": 1514,
  "nominatives_reconnues": 150,
  "lignes_historique": 33
}
{
  "ok": true,
  "envois": 1307,
  "evenements": 2037,
  "orphelins": 1514,
  "nominatives_reconnues": 150,
  "lignes_historique": 33
}
{
  "ok": true,
  "envois": 1307,
  "evenements": 2037,
  "orphelins": 1514,
  "nominatives_reconnues": 150,
  "lignes_historique": 33
}
{
  "ok": true,
  "envois": 1307,
  "evenements": 2037,
  "orphelins": 1514,
  "nominatives_reconnues": 150,
  "lignes_historique": 33
}
{
  "ok": true,
  "envois": 1307,
  "evenements": 2038,
  "orphelins": 1514,
  "nominatives_reconnues": 150,
  "lignes_historique": 33
}
{
  "ok": true,
  "envois": 1307,
  "evenements": 2040,
  "orphelins": 1514,
  "nominatives_reconnues": 150,
  "lignes_historique": 33
}
{
  "ok": true,
  "envois": 1307,
  "evenements": 2040,
  "orphelins": 1514,
  "nominatives_reconnues": 150,
  "lignes_historique": 33
}
{
  "ok": true,
  "envois": 1307,
  "evenements": 2040,
  "orphelins": 1514,
  "nominatives_reconnues": 150,
  "lignes_historique": 33
}
{
  "ok": true,
  "envois": 1307,
  "evenements": 2040,
  "orphelins": 1514,
  "nominatives_reconnues": 150,
  "lignes_historique": 33
}
{
  "ok": true,
  "envois": 1307,
  "evenements": 2040,
  "orphelins": 1514,
  "nominatives_reconnues": 150,
  "lignes_historique": 33
}
{
  "ok": true,
  "envois": 1307,
  "evenements": 2040,
  "orphelins": 1514,
  "nominatives_reconnues": 150,
  "lignes_historique": 33
}
{
  "ok": true,
  "envois": 1307,
  "evenements": 2040,
  "orphelins": 1514,
  "nominatives_reconnues": 150,
  "lignes_historique": 33
}
{
  "ok": true,
  "envois": 1307,
  "evenements": 2040,
  "orphelins": 1514,
  "nominatives_reconnues": 150,
  "lignes_historique": 33
}
{
  "ok": true,
  "envois": 1307,
  "evenements": 2040,
  "orphelins": 1514,
  "nominatives_reconnues": 150,
  "lignes_historique": 33
}
{
  "ok": true,
  "envois": 1307,
  "evenements": 2040,
  "orphelins": 1514,
  "nominatives_reconnues": 150,
  "lignes_historique": 33
}
{
  "ok": true,
  "envois": 1307,
  "evenements": 2040,
  "orphelins": 1514,
  "nominatives_reconnues": 150,
  "lignes_historique": 33
}
{
  "ok": true,
  "envois": 1337,
  "evenements": 2060,
  "orphelins": 1514,
  "nominatives_reconnues": 150,
  "lignes_historique": 34
}
{
  "ok": true,
  "envois": 1431,
  "evenements": 2156,
  "orphelins": 1514,
  "nominatives_reconnues": 150,
  "lignes_historique": 34
}
